BL51 BANKED LINKER/LOCATER V6.22.2.0                                                    06/01/2022  16:38:55  PAGE 1


BL51 BANKED LINKER/LOCATER V6.22.2.0, INVOKED BY:
D:\KEIL\C51\BIN\BL51.EXE .\Objects\STARTUP.obj, .\Objects\LED8.obj, .\Objects\NTC.obj, .\Objects\serial.obj, .\Objects\µ
>> çÑ¹ÎÂ¶È.obj TO .\Objects\µçÑ¹ÎÂ¶È PRINT (.\Listings\µçÑ¹ÎÂ¶È.m51) RAMSIZE (256)


MEMORY MODEL: SMALL WITH FLOATING POINT ARITHMETIC


INPUT MODULES INCLUDED:
  .\Objects\STARTUP.obj (?C_STARTUP)
  .\Objects\LED8.obj (LED8)
  .\Objects\NTC.obj (NTC)
  .\Objects\serial.obj (SERIAL)
  .\Objects\µçÑ¹ÎÂ¶È.obj (________)
  D:\KEIL\C51\LIB\C51FPS.LIB (?C?FPDIV)
  D:\KEIL\C51\LIB\C51FPS.LIB (?C?FCAST)
  D:\KEIL\C51\LIB\C51FPS.LIB (PRINTF)
  D:\KEIL\C51\LIB\C51FPS.LIB (?C?FPGETOPN)
  D:\KEIL\C51\LIB\C51FPS.LIB (?C?FPROUND)
  D:\KEIL\C51\LIB\C51FPS.LIB (?C?FPCONVERT)
  D:\KEIL\C51\LIB\C51FPS.LIB (?C?FPADD)
  D:\KEIL\C51\LIB\C51FPS.LIB (?C?FPMUL)
  D:\KEIL\C51\LIB\C51FPS.LIB (?C?FTNPWR)
  D:\KEIL\C51\LIB\C51S.LIB (?C_INIT)
  D:\KEIL\C51\LIB\C51S.LIB (?C?CLDPTR)
  D:\KEIL\C51\LIB\C51S.LIB (?C?CLDOPTR)
  D:\KEIL\C51\LIB\C51S.LIB (?C?CSTPTR)
  D:\KEIL\C51\LIB\C51S.LIB (?C?IMUL)
  D:\KEIL\C51\LIB\C51S.LIB (?C?UIDIV)
  D:\KEIL\C51\LIB\C51S.LIB (?C?ULDIV)
  D:\KEIL\C51\LIB\C51S.LIB (?C?SLDIV)
  D:\KEIL\C51\LIB\C51S.LIB (?C?LNEG)
  D:\KEIL\C51\LIB\C51S.LIB (?C?OFFXADD)
  D:\KEIL\C51\LIB\C51S.LIB (?C?PLDIIDATA)
  D:\KEIL\C51\LIB\C51S.LIB (?C?CCASE)


LINK MAP OF MODULE:  .\Objects\µçÑ¹ÎÂ¶È (?C_STARTUP)


            TYPE    BASE      LENGTH    RELOCATION   SEGMENT NAME
            -----------------------------------------------------

            * * * * * * *   D A T A   M E M O R Y   * * * * * * *
            REG     0000H     0008H     ABSOLUTE     "REG BANK 0"
            DATA    0008H     0009H     UNIT         ?DT?LED8
            DATA    0011H     0004H     UNIT         ?DT?________
            DATA    0015H     0002H     UNIT         ?DT?SERIAL
                    0017H     0009H                  *** GAP ***
            BIT     0020H.0   0001H.1   UNIT         _BIT_GROUP_
            BIT     0021H.1   0000H.2   UNIT         ?BI?________
            BIT     0021H.3   0000H.1   UNIT         ?BI?SERIAL
                    0021H.4   0000H.4                *** GAP ***
            DATA    0022H     001CH     UNIT         _DATA_GROUP_
            IDATA   003EH     0001H     UNIT         ?STACK

            * * * * * * *  X D A T A   M E M O R Y  * * * * * * *
            XDATA   0000H     0032H     UNIT         ?XD?SERIAL
BL51 BANKED LINKER/LOCATER V6.22.2.0                                                  06/01/2022  16:38:55  PAGE 2



            * * * * * * *   C O D E   M E M O R Y   * * * * * * *
            CODE    0000H     0003H     ABSOLUTE     
            CODE    0003H     0008H     UNIT         ?PR?_PUTCHAR?SERIAL
            CODE    000BH     0003H     ABSOLUTE     
            CODE    000EH     0010H     UNIT         ?PR?_UART_INIT?SERIAL
                    001EH     0005H                  *** GAP ***
            CODE    0023H     0003H     ABSOLUTE     
            CODE    0026H     06A5H     UNIT         ?C?LIB_CODE
            CODE    06CBH     046FH     UNIT         ?PR?PRINTF?PRINTF
            CODE    0B3AH     0142H     UNIT         ?CO?NTC
            CODE    0C7CH     010DH     UNIT         ?PR?_GET_TEMPERATURE?NTC
            CODE    0D89H     00CFH     UNIT         ?PR?DISPNTC?________
            CODE    0E58H     008FH     UNIT         ?PR?MAIN?________
            CODE    0EE7H     008CH     UNIT         ?C_C51STARTUP
            CODE    0F73H     0075H     UNIT         ?PR?DISPVDD?________
            CODE    0FE8H     005DH     UNIT         ?PR?S1_INT?SERIAL
            CODE    1045H     0051H     UNIT         ?PR?_T1_INIT?SERIAL
            CODE    1096H     0044H     UNIT         ?C?LDIV
            CODE    10DAH     003DH     UNIT         ?PR?T0_INT?________
            CODE    1117H     0033H     UNIT         ?CO?LED8
            CODE    114AH     002EH     UNIT         ?PR?DISPLAYSCAN?LED8
            CODE    1178H     002EH     UNIT         ?PR?_GET_ADC10BITRESULT?NTC
            CODE    11A6H     002BH     UNIT         ?PR?_GETKEY?SERIAL
            CODE    11D1H     0022H     UNIT         ?PR?PORT_INIT?________
            CODE    11F3H     001AH     UNIT         ?PR?_SEND_595?LED8
            CODE    120DH     0018H     UNIT         ?C_INITSEG
            CODE    1225H     0016H     UNIT         ?PR?DISPCLR?________
            CODE    123BH     0016H     UNIT         ?CO?________
            CODE    1251H     000CH     UNIT         ?PR?T0_INIT?________
            CODE    125DH     000BH     UNIT         ?PR?INT_INIT?________
            CODE    1268H     0007H     UNIT         ?PR?ADC_INIT?NTC



OVERLAY MAP OF MODULE:   .\Objects\µçÑ¹ÎÂ¶È (?C_STARTUP)


SEGMENT                                BIT_GROUP          DATA_GROUP 
  +--> CALLED SEGMENT               START    LENGTH     START    LENGTH
-----------------------------------------------------------------------
?C_C51STARTUP                       -----    -----      -----    -----
  +--> ?PR?MAIN?________
  +--> ?C_INITSEG

?PR?MAIN?________                   -----    -----      -----    -----
  +--> ?PR?PORT_INIT?________
  +--> ?PR?T0_INIT?________
  +--> ?PR?INT_INIT?________
  +--> ?PR?ADC_INIT?NTC
  +--> ?PR?_UART_INIT?SERIAL
  +--> ?PR?DISPCLR?________
  +--> ?PR?DISPVDD?________
  +--> ?CO?________
  +--> ?PR?PRINTF?PRINTF
  +--> ?PR?DISPNTC?________

BL51 BANKED LINKER/LOCATER V6.22.2.0                                                  06/01/2022  16:38:55  PAGE 3


?PR?_UART_INIT?SERIAL               -----    -----      -----    -----
  +--> ?PR?_T1_INIT?SERIAL

?PR?_T1_INIT?SERIAL                 -----    -----      0022H    0002H

?PR?DISPVDD?________                -----    -----      0022H    0003H
  +--> ?PR?_GET_ADC10BITRESULT?NTC

?PR?PRINTF?PRINTF                   0020H.0  0001H.1    0022H    001CH
  +--> ?PR?_PUTCHAR?SERIAL

?PR?DISPNTC?________                -----    -----      0022H    0003H
  +--> ?PR?_GET_ADC10BITRESULT?NTC
  +--> ?PR?_GET_TEMPERATURE?NTC

?PR?_GET_TEMPERATURE?NTC            -----    -----      0025H    0005H
  +--> ?CO?NTC

*** NEW ROOT ***************************************************

?PR?T0_INT?________                 -----    -----      -----    -----
  +--> ?PR?DISPLAYSCAN?LED8

?PR?DISPLAYSCAN?LED8                -----    -----      -----    -----
  +--> ?CO?LED8
  +--> ?PR?_SEND_595?LED8



SYMBOL TABLE OF MODULE:  .\Objects\µçÑ¹ÎÂ¶È (?C_STARTUP)

  VALUE           TYPE          NAME
  ----------------------------------

  -------         MODULE        ?C_STARTUP
  C:0EE7H         SEGMENT       ?C_C51STARTUP
  I:003EH         SEGMENT       ?STACK
  C:0000H         PUBLIC        ?C_STARTUP
  D:00E0H         SYMBOL        ACC
  D:00F0H         SYMBOL        B
  D:0083H         SYMBOL        DPH
  D:0082H         SYMBOL        DPL
  N:0000H         SYMBOL        IBPSTACK
  N:0100H         SYMBOL        IBPSTACKTOP
  N:0080H         SYMBOL        IDATALEN
  C:0EEAH         SYMBOL        IDATALOOP
  N:0000H         SYMBOL        PBPSTACK
  N:0100H         SYMBOL        PBPSTACKTOP
  N:0000H         SYMBOL        PDATALEN
  N:0000H         SYMBOL        PDATASTART
  N:0000H         SYMBOL        PPAGE
  N:0000H         SYMBOL        PPAGEENABLE
  D:00A0H         SYMBOL        PPAGE_SFR
  D:0081H         SYMBOL        SP
  C:0EE7H         SYMBOL        STARTUP1
  N:0000H         SYMBOL        XBPSTACK
  N:0000H         SYMBOL        XBPSTACKTOP
BL51 BANKED LINKER/LOCATER V6.22.2.0                                                  06/01/2022  16:38:55  PAGE 4


  N:0000H         SYMBOL        XDATALEN
  N:0000H         SYMBOL        XDATASTART
  C:0000H         LINE#         126
  C:0EE7H         LINE#         133
  C:0EE9H         LINE#         134
  C:0EEAH         LINE#         135
  C:0EEBH         LINE#         136
  C:0EEDH         LINE#         185
  C:0EF0H         LINE#         196
  -------         ENDMOD        ?C_STARTUP

  -------         MODULE        LED8
  C:0000H         SYMBOL        _ICE_DUMMY_
  D:0080H         PUBLIC        P0
  D:0090H         PUBLIC        P1
  D:00A0H         PUBLIC        P2
  D:00B0H         PUBLIC        P3
  D:00C0H         PUBLIC        P4
  D:00C8H         PUBLIC        P5
  D:00E8H         PUBLIC        P6
  D:00F8H         PUBLIC        P7
  D:0008H         PUBLIC        LED8
  D:00A8H         PUBLIC        IE
  C:11F3H         PUBLIC        _Send_595
  C:1142H         PUBLIC        T_COM
  D:00B8H         PUBLIC        IP
  B:00D0H.7       PUBLIC        CY
  D:00D8H         PUBLIC        CCON
  B:00C0H.0       PUBLIC        P_HC595_SER
  D:0098H         PUBLIC        SCON
  D:0088H         PUBLIC        TCON
  B:00C0H.3       PUBLIC        P_HC595_SRCLK
  C:1117H         PUBLIC        t_display
  C:114AH         PUBLIC        DisplayScan
  B:00C8H.4       PUBLIC        P_HC595_RCLK
  D:0010H         SYMBOL        display_index
  D:00D0H         PUBLIC        PSW
  -------         PROC          _SEND_595
  D:0007H         SYMBOL        dat
  -------         DO            
  D:0006H         SYMBOL        i
  -------         ENDDO         
  C:11F3H         LINE#         27
  C:11F3H         LINE#         28
  C:11F3H         LINE#         30
  C:11FFH         LINE#         31
  C:11FFH         LINE#         32
  C:1203H         LINE#         33
  C:1205H         LINE#         34
  C:1207H         LINE#         35
  C:1209H         LINE#         36
  C:120CH         LINE#         37
  -------         ENDPROC       _SEND_595
  -------         PROC          DISPLAYSCAN
  C:114AH         LINE#         40
  C:114AH         LINE#         41
  C:114AH         LINE#         42
BL51 BANKED LINKER/LOCATER V6.22.2.0                                                  06/01/2022  16:38:55  PAGE 5


  C:1155H         LINE#         43
  C:1163H         LINE#         45
  C:1165H         LINE#         46
  C:1167H         LINE#         47
  C:1177H         LINE#         48
  -------         ENDPROC       DISPLAYSCAN
  -------         ENDMOD        LED8

  -------         MODULE        NTC
  C:0000H         SYMBOL        _ICE_DUMMY_
  D:0080H         PUBLIC        P0
  D:0090H         PUBLIC        P1
  D:00A0H         PUBLIC        P2
  D:00B0H         PUBLIC        P3
  D:00C0H         PUBLIC        P4
  D:00C8H         PUBLIC        P5
  D:00E8H         PUBLIC        P6
  D:00F8H         PUBLIC        P7
  D:00A8H         PUBLIC        IE
  D:00BDH         PUBLIC        ADC_RES
  D:00B8H         PUBLIC        IP
  C:0B3AH         PUBLIC        temp_table
  D:00D8H         PUBLIC        CCON
  D:00BCH         PUBLIC        ADC_CONTR
  D:0098H         PUBLIC        SCON
  D:0088H         PUBLIC        TCON
  C:1268H         PUBLIC        ADC_Init
  C:0C7CH         PUBLIC        _get_temperature
  D:009DH         PUBLIC        P1ASF
  D:00BEH         PUBLIC        ADC_RESL
  C:1178H         PUBLIC        _Get_ADC10bitResult
  D:00D0H         PUBLIC        PSW
  -------         PROC          ADC_INIT
  C:1268H         LINE#         26
  C:1268H         LINE#         27
  C:1268H         LINE#         28
  C:126BH         LINE#         29
  C:126EH         LINE#         31
  -------         ENDPROC       ADC_INIT
  -------         PROC          _GET_ADC10BITRESULT
  D:0007H         SYMBOL        channel
  C:1178H         LINE#         34
  C:1178H         LINE#         35
  C:1178H         LINE#         36
  C:117BH         LINE#         37
  C:117DH         LINE#         39
  C:118AH         LINE#         41
  C:1190H         LINE#         42
  C:1193H         LINE#         43
  C:11A5H         LINE#         44
  -------         ENDPROC       _GET_ADC10BITRESULT
  -------         PROC          _GET_TEMPERATURE
  D:0025H         SYMBOL        adc
  -------         DO            
  D:0027H         SYMBOL        p
  D:0004H         SYMBOL        j
  D:0007H         SYMBOL        k
BL51 BANKED LINKER/LOCATER V6.22.2.0                                                  06/01/2022  16:38:55  PAGE 6


  D:0029H         SYMBOL        min
  D:0005H         SYMBOL        max
  -------         ENDDO         
  C:0C7CH         LINE#         217
  C:0C80H         LINE#         218
  C:0C80H         LINE#         222
  C:0C8CH         LINE#         223
  C:0C92H         LINE#         224
  C:0CBCH         LINE#         225
  C:0CC1H         LINE#         227
  C:0CC4H         LINE#         228
  C:0CC6H         LINE#         230
  C:0CD1H         LINE#         231
  C:0CD1H         LINE#         232
  C:0CDCH         LINE#         233
  C:0CF8H         LINE#         234
  C:0CFAH         LINE#         235
  C:0CFDH         LINE#         236
  C:0D20H         LINE#         239
  C:0D88H         LINE#         240
  -------         ENDPROC       _GET_TEMPERATURE
  -------         ENDMOD        NTC

  -------         MODULE        SERIAL
  C:0000H         SYMBOL        _ICE_DUMMY_
  D:0080H         PUBLIC        P0
  D:0090H         PUBLIC        P1
  D:00A0H         PUBLIC        P2
  D:00B0H         PUBLIC        P3
  D:00C0H         PUBLIC        P4
  D:00C8H         PUBLIC        P5
  D:00E8H         PUBLIC        P6
  D:00F8H         PUBLIC        P7
  D:00A8H         PUBLIC        IE
  C:000EH         PUBLIC        _Uart_Init
  B:00A8H.4       PUBLIC        ES
  D:00B8H         PUBLIC        IP
  B:0098H.0       PUBLIC        RI
  B:0098H.1       PUBLIC        TI
  D:00D8H         PUBLIC        CCON
  D:0015H         PUBLIC        RX_Get
  C:0FE8H         PUBLIC        S1_int
  D:0099H         PUBLIC        SBUF
  B:0021H.3       PUBLIC        TX_Busy
  D:0098H         PUBLIC        SCON
  D:0088H         PUBLIC        TCON
  D:008EH         PUBLIC        AUXR
  D:0016H         PUBLIC        RX_Ptr
  D:008DH         PUBLIC        TH1
  D:008BH         PUBLIC        TL1
  B:0088H.6       PUBLIC        TR1
  B:0098H.4       PUBLIC        REN
  X:0000H         PUBLIC        RX_Buffer
  C:11A6H         PUBLIC        _getkey
  D:00D0H         PUBLIC        PSW
  C:1045H         PUBLIC        _T1_Init
  C:0003H         PUBLIC        _putchar
BL51 BANKED LINKER/LOCATER V6.22.2.0                                                  06/01/2022  16:38:55  PAGE 7


  -------         PROC          _T1_INIT
  D:0022H         SYMBOL        brt
  C:1045H         LINE#         6
  C:1049H         LINE#         7
  C:1049H         LINE#         10
  C:104CH         LINE#         11
  C:1079H         LINE#         12
  C:1093H         LINE#         13
  C:1095H         LINE#         14
  -------         ENDPROC       _T1_INIT
  -------         PROC          _UART_INIT
  D:0006H         SYMBOL        brt
  C:000EH         LINE#         16
  C:000EH         LINE#         17
  C:000EH         LINE#         18
  C:0016H         LINE#         19
  C:0018H         LINE#         20
  C:001BH         LINE#         21
  -------         ENDPROC       _UART_INIT
  -------         PROC          S1_INT
  C:0FE8H         LINE#         29
  C:0FFFH         LINE#         31
  C:1002H         LINE#         32
  C:1002H         LINE#         33
  C:1004H         LINE#         34
  C:101AH         LINE#         35
  C:101CH         LINE#         36
  C:1029H         LINE#         37
  C:1029H         LINE#         39
  C:102CH         LINE#         40
  C:102CH         LINE#         41
  C:102EH         LINE#         42
  C:1030H         LINE#         43
  C:1030H         LINE#         44
  -------         ENDPROC       S1_INT
  -------         PROC          _PUTCHAR
  D:0007H         SYMBOL        ch
  C:0003H         LINE#         46
  C:0003H         LINE#         47
  C:0003H         LINE#         48
  C:0005H         LINE#         49
  C:0007H         LINE#         50
  C:000AH         LINE#         51
  C:000AH         LINE#         52
  -------         ENDPROC       _PUTCHAR
  -------         PROC          _GETKEY
  -------         DO            
  D:0003H         SYMBOL        ch
  -------         ENDDO         
  C:11A6H         LINE#         54
  C:11A6H         LINE#         55
  C:11A6H         LINE#         58
  C:11ACH         LINE#         59
  C:11AEH         LINE#         60
  C:11BBH         LINE#         61
  C:11CCH         LINE#         62
  C:11CEH         LINE#         63
BL51 BANKED LINKER/LOCATER V6.22.2.0                                                  06/01/2022  16:38:55  PAGE 8


  C:11D0H         LINE#         64
  -------         ENDPROC       _GETKEY
  -------         ENDMOD        SERIAL

  -------         MODULE        ________
  C:0000H         SYMBOL        _ICE_DUMMY_
  D:0092H         PUBLIC        P1M0
  D:0093H         PUBLIC        P0M1
  D:0096H         PUBLIC        P2M0
  D:0091H         PUBLIC        P1M1
  D:0080H         PUBLIC        P0
  D:00B2H         PUBLIC        P3M0
  D:0095H         PUBLIC        P2M1
  D:0090H         PUBLIC        P1
  D:00B4H         PUBLIC        P4M0
  D:00B1H         PUBLIC        P3M1
  D:00A0H         PUBLIC        P2
  D:00CAH         PUBLIC        P5M0
  D:00B3H         PUBLIC        P4M1
  D:00B0H         PUBLIC        P3
  D:00CCH         PUBLIC        P6M0
  D:00C9H         PUBLIC        P5M1
  D:00C0H         PUBLIC        P4
  D:00E2H         PUBLIC        P7M0
  D:00CBH         PUBLIC        P6M1
  D:00C8H         PUBLIC        P5
  B:00A8H.7       PUBLIC        EA
  D:00E1H         PUBLIC        P7M1
  D:00E8H         PUBLIC        P6
  D:00F8H         PUBLIC        P7
  D:00A8H         PUBLIC        IE
  B:00A8H.4       PUBLIC        ES
  D:00B8H         PUBLIC        IP
  C:11D1H         PUBLIC        Port_Init
  D:00D8H         PUBLIC        CCON
  C:0E58H         PUBLIC        main
  B:0021H.2       PUBLIC        F_T0
  D:0013H         PUBLIC        disp_index
  C:10DAH         PUBLIC        T0_int
  C:0F73H         PUBLIC        DispVdd
  D:0098H         PUBLIC        SCON
  C:1225H         PUBLIC        DispClr
  D:0088H         PUBLIC        TCON
  D:008EH         PUBLIC        AUXR
  D:0014H         PUBLIC        F_Dir
  B:00A8H.1       PUBLIC        ET0
  B:00A8H.3       PUBLIC        ET1
  D:008CH         PUBLIC        TH0
  D:008AH         PUBLIC        TL0
  B:00B8H.1       PUBLIC        PT0
  B:0088H.4       PUBLIC        TR0
  D:009DH         PUBLIC        P1ASF
  C:125DH         PUBLIC        INT_Init
  B:00D0H.5       PUBLIC        F0
  C:0D89H         PUBLIC        DispNTC
  C:1251H         PUBLIC        T0_Init
  D:00D0H         PUBLIC        PSW
BL51 BANKED LINKER/LOCATER V6.22.2.0                                                  06/01/2022  16:38:55  PAGE 9


  D:0094H         PUBLIC        P0M0
  -------         PROC          T0_INIT
  C:1251H         LINE#         23
  C:1251H         LINE#         24
  C:1251H         LINE#         27
  C:1254H         LINE#         28
  C:1257H         LINE#         29
  C:125AH         LINE#         30
  C:125CH         LINE#         31
  -------         ENDPROC       T0_INIT
  -------         PROC          INT_INIT
  C:125DH         LINE#         34
  C:125DH         LINE#         35
  C:125DH         LINE#         36
  C:125FH         LINE#         37
  C:1261H         LINE#         38
  C:1263H         LINE#         39
  C:1265H         LINE#         40
  C:1267H         LINE#         41
  -------         ENDPROC       INT_INIT
  -------         PROC          PORT_INIT
  C:11D1H         LINE#         44
  C:11D1H         LINE#         45
  C:11D1H         LINE#         46
  C:11D6H         LINE#         47
  C:11DAH         LINE#         48
  C:11DEH         LINE#         49
  C:11E2H         LINE#         50
  C:11E6H         LINE#         51
  C:11EAH         LINE#         52
  C:11EEH         LINE#         53
  C:11F2H         LINE#         54
  -------         ENDPROC       PORT_INIT
  -------         PROC          T0_INT
  C:10DAH         LINE#         57
  C:10F7H         LINE#         59
  C:10FAH         LINE#         60
  C:10FCH         LINE#         61
  -------         ENDPROC       T0_INT
  -------         PROC          DISPCLR
  -------         DO            
  D:0007H         SYMBOL        i
  -------         ENDDO         
  C:1225H         LINE#         63
  C:1225H         LINE#         64
  C:1225H         LINE#         67
  C:123AH         LINE#         68
  -------         ENDPROC       DISPCLR
  -------         PROC          DISPVDD
  -------         DO            
  D:0022H         SYMBOL        i
  D:0023H         SYMBOL        j
  -------         ENDDO         
  C:0F73H         LINE#         70
  C:0F73H         LINE#         71
  C:0F73H         LINE#         75
  C:0F98H         LINE#         76
BL51 BANKED LINKER/LOCATER V6.22.2.0                                                  06/01/2022  16:38:55  PAGE 10


  C:0FB0H         LINE#         78
  C:0FBCH         LINE#         79
  C:0FD6H         LINE#         80
  C:0FE3H         LINE#         82
  C:0FE7H         LINE#         83
  -------         ENDPROC       DISPVDD
  -------         PROC          DISPNTC
  -------         DO            
  D:0022H         SYMBOL        i
  D:0023H         SYMBOL        j
  -------         ENDDO         
  C:0D89H         LINE#         85
  C:0D89H         LINE#         86
  C:0D89H         LINE#         90
  C:0DAEH         LINE#         91
  C:0DB9H         LINE#         93
  C:0DD4H         LINE#         94
  C:0DE3H         LINE#         95
  C:0DF0H         LINE#         96
  C:0E0AH         LINE#         97
  C:0E27H         LINE#         98
  C:0E34H         LINE#         100
  C:0E38H         LINE#         101
  C:0E3CH         LINE#         102
  C:0E42H         LINE#         103
  C:0E48H         LINE#         104
  C:0E4AH         LINE#         105
  C:0E4DH         LINE#         106
  C:0E53H         LINE#         107
  C:0E53H         LINE#         109
  C:0E57H         LINE#         110
  -------         ENDPROC       DISPNTC
  -------         PROC          MAIN
  -------         DO            
  D:0011H         SYMBOL        msecond
  B:0021H.1       SYMBOL        NTC
  -------         ENDDO         
  C:0E58H         LINE#         114
  C:0E58H         LINE#         115
  C:0E58H         LINE#         119
  C:0E5BH         LINE#         120
  C:0E5EH         LINE#         121
  C:0E61H         LINE#         122
  C:0E64H         LINE#         123
  C:0E6BH         LINE#         125
  C:0E6EH         LINE#         126
  C:0E6EH         LINE#         127
  C:0E71H         LINE#         128
  C:0E73H         LINE#         129
  C:0E84H         LINE#         130
  C:0E89H         LINE#         131
  C:0E8CH         LINE#         132
  C:0EB2H         LINE#         133
  C:0EB5H         LINE#         134
  C:0EB7H         LINE#         135
  C:0EDDH         LINE#         136
  C:0EE0H         LINE#         137
BL51 BANKED LINKER/LOCATER V6.22.2.0                                                  06/01/2022  16:38:55  PAGE 11


  C:0EE0H         LINE#         138
  C:0EE5H         LINE#         139
  C:0EE5H         LINE#         140
  C:0EE5H         LINE#         141
  -------         ENDPROC       MAIN
  -------         ENDMOD        ________

  -------         MODULE        ?C?FPDIV
  C:0029H         PUBLIC        ?C?FPDIV
  -------         ENDMOD        ?C?FPDIV

  -------         MODULE        ?C?FCAST
  C:00D0H         PUBLIC        ?C?FCASTC
  C:00CBH         PUBLIC        ?C?FCASTI
  C:00C6H         PUBLIC        ?C?FCASTL
  -------         ENDMOD        ?C?FCAST

  -------         MODULE        PRINTF
  D:0022H         PUBLIC        ?_PRINTF?BYTE
  D:0022H         PUBLIC        ?_SPRINTF?BYTE
  C:072DH         PUBLIC        _PRINTF
  C:0727H         PUBLIC        _SPRINTF
  -------         ENDMOD        PRINTF

  -------         MODULE        ?C?FPROUND
  C:014EH         PUBLIC        ?C?FPROUND
  -------         ENDMOD        ?C?FPROUND

  -------         MODULE        ?C?FPCONVERT
  C:017DH         PUBLIC        ?C?FPCONVERT
  -------         ENDMOD        ?C?FPCONVERT

  -------         MODULE        ?C?FPADD
  C:0287H         PUBLIC        ?C?FPADD
  C:0283H         PUBLIC        ?C?FPSUB
  -------         ENDMOD        ?C?FPADD

  -------         MODULE        ?C?FPMUL
  C:0378H         PUBLIC        ?C?FPMUL
  -------         ENDMOD        ?C?FPMUL

  -------         MODULE        ?C?FTNPWR
  C:04AEH         PUBLIC        ?C?FTNPWR
  -------         ENDMOD        ?C?FTNPWR

  -------         MODULE        ?C?CLDPTR
  C:04EEH         PUBLIC        ?C?CLDPTR
  -------         ENDMOD        ?C?CLDPTR

  -------         MODULE        ?C?CLDOPTR
  C:0507H         PUBLIC        ?C?CLDOPTR
  -------         ENDMOD        ?C?CLDOPTR

  -------         MODULE        ?C?CSTPTR
  C:0534H         PUBLIC        ?C?CSTPTR
  -------         ENDMOD        ?C?CSTPTR

BL51 BANKED LINKER/LOCATER V6.22.2.0                                                  06/01/2022  16:38:55  PAGE 12


  -------         MODULE        ?C?IMUL
  C:0546H         PUBLIC        ?C?IMUL
  -------         ENDMOD        ?C?IMUL

  -------         MODULE        ?C?UIDIV
  C:0558H         PUBLIC        ?C?UIDIV
  -------         ENDMOD        ?C?UIDIV

  -------         MODULE        ?C?ULDIV
  C:05E9H         PUBLIC        ?C?ULDIV
  -------         ENDMOD        ?C?ULDIV

  -------         MODULE        ?C?SLDIV
  C:1096H         PUBLIC        ?C?SLDIV
  -------         ENDMOD        ?C?SLDIV

  -------         MODULE        ?C?LNEG
  C:067BH         PUBLIC        ?C?LNEG
  -------         ENDMOD        ?C?LNEG

  -------         MODULE        ?C?OFFXADD
  C:0689H         PUBLIC        ?C?OFFXADD
  -------         ENDMOD        ?C?OFFXADD

  -------         MODULE        ?C?PLDIIDATA
  C:0695H         PUBLIC        ?C?PLDIIDATA
  -------         ENDMOD        ?C?PLDIIDATA

  -------         MODULE        ?C?CCASE
  C:06A5H         PUBLIC        ?C?CCASE
  -------         ENDMOD        ?C?CCASE

*** WARNING L16: UNCALLED SEGMENT, IGNORED FOR OVERLAY PROCESS
    SEGMENT: ?PR?_GETKEY?SERIAL

Program Size: data=53.4 xdata=50 code=4714
LINK/LOCATE RUN COMPLETE.  1 WARNING(S),  0 ERROR(S)
