C51 COMPILER V9.59.0.0   1                                                                 05/11/2022 19:24:10 PAGE 1   


C51 COMPILER V9.59.0.0, COMPILATION OF MODULE 1
OBJECT MODULE PLACED IN .\Objects\1.obj
COMPILER INVOKED BY: E:\Keil_v5\C51\BIN\C51.EXE 1.c OPTIMIZE(8,SPEED) BROWSE DEBUG OBJECTEXTEND PRINT(.\Listings\1.lst) 
                    -TABS(2) OBJECT(.\Objects\1.obj)

line level    source

   1          #include<STC15.H>
   2          #define u8 unsigned char 
   3          #define u16 unsigned 
   4          #define MAIN_Fosc 22118400L //定义主时钟
   5          
   6          
   7          void delay_ms(u8 ms)
   8          {
   9   1        u16 i;
  10   1        do{
  11   2          i = MAIN_Fosc / 16000;
  12   2          while(--i);
  13   2        }while(--ms);
  14   1      }
  15          
  16          void LED_G(void)
  17          {
  18   1        u8 j;
  19   1        P17 = 0;
  20   1        for (j=0;j<15;j++)
  21   1        {
  22   2          delay_ms(200);
  23   2        }
  24   1      }
  25          
  26          void shining(void)
  27          {
  28   1        u8 j;
  29   1        for (j=0;j<4;j++)
  30   1        {
  31   2          P17 = 1;
  32   2          delay_ms (100);
  33   2          P17 = 0;
  34   2          delay_ms (100);
  35   2        }
  36   1        P17=1;
  37   1      }
  38          
  39          void LED_Y(void)
  40          {
  41   1        u8 j;
  42   1        P16 =P47= 0;
  43   1        for (j=0;j<10;j++)
  44   1        {
  45   2          delay_ms(200);
  46   2        }
  47   1        P16 =P47= 1;
  48   1      }
  49          
  50          void LED_R(void)
  51          {
  52   1        u8 j;
  53   1        P46 = 0;
  54   1        for (j=0;j<12;j++)
C51 COMPILER V9.59.0.0   1                                                                 05/11/2022 19:24:10 PAGE 2   

  55   1        {
  56   2          delay_ms(200);
  57   2        }
  58   1        P46 = 1;
  59   1      }
  60          
  61          void main(void)
  62          {
  63   1        
  64   1        P1M1=0;P1M0=0;
  65   1        P4M1=0;P4M0=0;
  66   1        P17=P16=P47=P46=1;
  67   1        while (1)
  68   1        {
  69   2          LED_G();
  70   2          delay_ms(100);
  71   2          shining();
  72   2          delay_ms(100);
  73   2          LED_Y();
  74   2          delay_ms(100);
  75   2          LED_R();
  76   2        }
  77   1      }
  78          
  79          


MODULE INFORMATION:   STATIC OVERLAYABLE
   CODE SIZE        =    171    ----
   CONSTANT SIZE    =   ----    ----
   XDATA SIZE       =   ----    ----
   PDATA SIZE       =   ----    ----
   DATA SIZE        =   ----    ----
   IDATA SIZE       =   ----    ----
   BIT SIZE         =   ----    ----
END OF MODULE INFORMATION.


C51 COMPILATION COMPLETE.  0 WARNING(S),  0 ERROR(S)
